// Jest Snapshot v1, https://goo.gl/fbAQLP

exports[`AccordioContent Component when rendered Should match the snapshot 1`] = `
<div
  className="accordio__panel"
  style={
    Object {
      "maxHeight": "0px",
    }
  }
>
  <div
    className="accordio__content"
  >
    Hello World
  </div>
</div>
`;
